// Jest Snapshot v1, https://goo.gl/fbAQLP

exports[`Testing Input FIeld should  render correctly 1`] = `
<input
  onChange={[Function]}
  props={true}
/>
`;
