// Jest Snapshot v1, https://goo.gl/fbAQLP

exports[`Testing Button FIeld should  render correctly 1`] = `
<InputField
  props={true}
  type="radio"
/>
`;
