// Jest Snapshot v1, https://goo.gl/fbAQLP

exports[`Testing Button FIeld should  render correctly 1`] = `
<button
  props={true}
>
   props.title 
</button>
`;
